1, addi : IDisk  ; 
2, addi : ITLB  ; 
3, beq  : IDisk  ; 
4, lw   : ITLB  ;  DDisk 
5, sw   : IDisk  ;  DTLB 
6, add  : ITLB  ; 
7, j    : IDisk  ; 
8, beq  : ITLB  ; 
9, lw   : ITLB  ;  DTLB 
10, sw   : ICache  ITLB  ;  DDisk 
11, add  : ITLB  ; 
12, j    : ITLB  ; 
13, beq  : ICache  ITLB  ; 
14, lw   : ITLB  ;  DTLB 
15, sw   : ITLB  ;  DTLB 
16, add  : ICache  ITLB  ; 
17, j    : ITLB  ; 
18, beq  : ITLB  ; 
19, add  : ITLB  ; 
20, add  : IDisk  ; 
21, beq  : ITLB  ; 
22, lw   : IDisk  ;  DTLB 
23, add  : ITLB  ; 
24, j    : IDisk  ; 
25, beq  : ITLB  ; 
26, lw   : ITLB  ;  DTLB 
27, add  : ICache  ITLB  ; 
28, j    : ICache  ITLB  ; 
29, beq  : ICache  ITLB  ; 
30, lw   : ICache  ITLB  ;  DCache  DTLB 
31, add  : ICache  ITLB  ; 
32, j    : ICache  ITLB  ; 
33, beq  : ICache  ITLB  ; 
34, lw   : ICache  ITLB  ;  DCache  DTLB 
35, add  : ICache  ITLB  ; 
36, j    : ICache  ITLB  ; 
37, beq  : ICache  ITLB  ; 
38, lw   : ICache  ITLB  ;  DTLB 
39, add  : ICache  ITLB  ; 
40, j    : ICache  ITLB  ; 
41, beq  : ICache  ITLB  ; 
42, lw   : ICache  ITLB  ;  DTLB 
43, add  : ICache  ITLB  ; 
44, j    : ICache  ITLB  ; 
45, beq  : ICache  ITLB  ; 
46, halt :  IDisk  ; 
