1, lw   : Disk  ;  Disk 
2, lw   : ICache  ITLB  ;  DCache  DTLB 
3, addi : ICache  ITLB  ;  Disk 
4, bne  : ICache  ITLB  ;  Disk 
5, xor  : ITLB  ;  Disk 
6, j    : ICache  ITLB  ;  Disk 
7, and  : ITLB  ;  Disk 
8, or   : ITLB  ;  Disk 
9, xor  : ICache  ITLB  ;  Disk 
10, nor  : ICache  ITLB  ;  Disk 
11, nand : ICache  ITLB  ;  Disk 
12, andi : ITLB  ;  Disk 
13, ori  : ICache  ITLB  ;  Disk 
14, nori : ICache  ITLB  ;  Disk 
15, lw   : ICache  ITLB  ;  DCache  DTLB 
16, addiu: ITLB  ;  Disk 
17, addi : ICache  ITLB  ;  Disk 
18, lw   : ICache  ITLB  ;  Disk 
19, add  : ICache  ITLB  ;  Disk 
20, addu : ITLB  ;  Disk 
21, sub  : ICache  ITLB  ;  Disk 
22, lb   : ICache  ITLB  ;  Disk 
23, lh   : ICache  ITLB  ;  DCache  DTLB 
24, lw   : ITLB  ;  Disk 
25, lbu  : ICache  ITLB  ;  DCache  DTLB 
26, lhu  : ICache  ITLB  ;  DCache  DTLB 
27, lw   : ICache  ITLB  ;  Disk 
28, lh   : Disk  ;  DCache  DTLB 
29, lb   : ICache  ITLB  ;  DCache  DTLB 
30, lw   : ICache  ITLB  ;  DCache  DTLB 
31, sw   : ICache  ITLB  ;  DCache  DTLB 
32, sh   : ITLB  ;  DCache  DTLB 
33, sb   : ICache  ITLB  ;  DCache  DTLB 
34, lw   : ICache  ITLB  ;  DCache  DTLB 
35, lw   : ICache  ITLB  ;  DCache  DTLB 
36, add  : ITLB  ;  Disk 
37, bne  : ICache  ITLB  ;  Disk 
38, add  : ICache  ITLB  ;  Disk 
39, add  : ICache  ITLB  ;  Disk 
40, bne  : ITLB  ;  Disk 
41, sub  : ICache  ITLB  ;  Disk 
42, sll  : ICache  ITLB  ;  Disk 
43, halt : ICache  ITLB  ;  Disk 
