1, addi : Disk  ; 
2, addi : ICache  ITLB  ; 
3, jr   : ITLB  ; 
4, add  : Disk  ; 
5, addu : ITLB  ; 
6, sub  : ICache  ITLB  ; 
7, and  : Disk  ; 
8, or   : ICache  ITLB  ; 
9, xor  : ITLB  ; 
10, nor  : ICache  ITLB  ; 
11, nand : Disk  ; 
12, slt  : ICache  ITLB  ; 
13, sll  : ITLB  ; 
14, srl  : ICache  ITLB  ; 
15, sra  : Disk  ; 
16, mult : ICache  ITLB  ; 
17, mult : ITLB  ; 
18, multu: ICache  ITLB  ; 
19, mfhi : Disk  ; 
20, mflo : ICache  ITLB  ; 
21, addi : ITLB  ; 
22, addi : ICache  ITLB  ; 
23, addi : Disk  ; 
24, addi : ICache  ITLB  ; 
25, sw   : ITLB  ;  Disk 
26, sh   : ICache  ITLB  ;  DTLB 
27, sb   : Disk  ;  DTLB 
28, lw   : ICache  ITLB  ;  DTLB 
29, sll  : ITLB  ; 
30, lh   : ICache  ITLB  ;  DCache  DTLB 
31, lhu  : Disk  ;  DCache  DTLB 
32, lb   : ICache  ITLB  ;  DCache  DTLB 
33, lbu  : ITLB  ;  DCache  DTLB 
34, lui  : ICache  ITLB  ; 
35, andi : Disk  ; 
36, ori  : ICache  ITLB  ; 
37, nori : ITLB  ; 
38, slti : ICache  ITLB  ; 
39, beq  : Disk  ; 
40, sll  : ITLB  ; 
41, sll  : ICache  ITLB  ; 
42, bne  : Disk  ; 
43, bgtz : Disk  ; 
44, halt : ITLB  ; 
